....................................................................
....................................................................
....................................................................
....................................................................
....................................................................
....................................................................
....................................................................
.........ccc.........................................................ccccccc
.........###.........................................................-------
..............ccc.................#..........................................................................cccccc
....ccc.......###.................+..........................................................................######
....###...........................+..........................-------------------------------.c..c..e.....-
.....................#............+...........#..............+..............................-------------
p.....c.......#..e...+..e.....q...+...ccccc...+.........e....+..............................................................x
##########..##+######+############+###########+##############+................................................###############
.............................................................